// Jest Snapshot v1, https://goo.gl/fbAQLP

exports[`snapshot should match 1`] = `
<div>
  <input
    onChange={[Function]}
    placeholder="Filter by title..."
    type="text"
  />
  <table
    className="sc-bdnxRM hdzVvY"
  >
    <tbody>
      <tr>
        <td
          className="sc-gtsrHT gBukoy"
        >
          <table>
            <tr
              onClick={[Function]}
            >
              <td
                style={
                  Object {
                    "width": "20px",
                  }
                }
              >
                <b>
                  +
                </b>
              </td>
              <td>
                Natural processes
              </td>
            </tr>
          </table>
        </td>
      </tr>
      <tr>
        <td
          className="sc-gtsrHT gBukoy"
        >
          <table>
            <tr
              onClick={[Function]}
            >
              <td
                style={
                  Object {
                    "width": "20px",
                  }
                }
              >
                <b>
                  +
                </b>
              </td>
              <td>
                Tree models
              </td>
            </tr>
          </table>
        </td>
      </tr>
      <tr>
        <td
          className="sc-gtsrHT gBukoy"
        >
          <table>
            <tr
              onClick={[Function]}
            >
              <td
                style={
                  Object {
                    "width": "20px",
                  }
                }
              >
                <b>
                  +
                </b>
              </td>
              <td>
                Tree volume calculations
              </td>
            </tr>
          </table>
        </td>
      </tr>
      <tr>
        <td
          className="sc-gtsrHT gBukoy"
        >
          <table>
            <tr
              onClick={[Function]}
            >
              <td
                style={
                  Object {
                    "width": "20px",
                  }
                }
              >
                <b>
                  +
                </b>
              </td>
              <td>
                Initial data conversion
              </td>
            </tr>
          </table>
        </td>
      </tr>
      <tr>
        <td
          className="sc-gtsrHT gBukoy"
        >
          <table>
            <tr
              onClick={[Function]}
            >
              <td
                style={
                  Object {
                    "width": "20px",
                  }
                }
              >
                <b>
                  +
                </b>
              </td>
              <td>
                Berry production
              </td>
            </tr>
          </table>
        </td>
      </tr>
    </tbody>
  </table>
</div>
`;
