// Jest Snapshot v1, https://goo.gl/fbAQLP

exports[`snapshot should match 1`] = `
<div
  className="sc-eCApnc byCaXk"
>
  <input
    onChange={[Function]}
    placeholder="Filter by title..."
    type="text"
  />
  <div
    className="sc-dlnjwi gAXQeD"
  >
    <div
      className="sc-hKFxyN iaQWze"
    >
      <div
        className="sc-eCApnc byCaXk"
      >
        <table>
          <tr
            onClick={[Function]}
          >
            <td
              style={
                Object {
                  "width": "20px",
                }
              }
            >
              <b>
                +
              </b>
            </td>
            <td>
              Natural processes
            </td>
          </tr>
        </table>
      </div>
    </div>
    <div
      className="sc-hKFxyN iaQWze"
    >
      <div
        className="sc-eCApnc byCaXk"
      >
        <table>
          <tr
            onClick={[Function]}
          >
            <td
              style={
                Object {
                  "width": "20px",
                }
              }
            >
              <b>
                +
              </b>
            </td>
            <td>
              Tree models
            </td>
          </tr>
        </table>
      </div>
    </div>
    <div
      className="sc-hKFxyN iaQWze"
    >
      <div
        className="sc-eCApnc byCaXk"
      >
        <table>
          <tr
            onClick={[Function]}
          >
            <td
              style={
                Object {
                  "width": "20px",
                }
              }
            >
              <b>
                +
              </b>
            </td>
            <td>
              Tree volume calculations
            </td>
          </tr>
        </table>
      </div>
    </div>
    <div
      className="sc-hKFxyN iaQWze"
    >
      <div
        className="sc-eCApnc byCaXk"
      >
        <table>
          <tr
            onClick={[Function]}
          >
            <td
              style={
                Object {
                  "width": "20px",
                }
              }
            >
              <b>
                +
              </b>
            </td>
            <td>
              Initial data conversion
            </td>
          </tr>
        </table>
      </div>
    </div>
    <div
      className="sc-hKFxyN iaQWze"
    >
      <div
        className="sc-eCApnc byCaXk"
      >
        <table>
          <tr
            onClick={[Function]}
          >
            <td
              style={
                Object {
                  "width": "20px",
                }
              }
            >
              <b>
                +
              </b>
            </td>
            <td>
              Berry production
            </td>
          </tr>
        </table>
      </div>
    </div>
  </div>
</div>
`;
