// Jest Snapshot v1, https://goo.gl/fbAQLP

exports[`snapshot should match 1`] = `
<div
  className="sc-dlnjwi jsZyJl"
>
  <p>
    Search tools
  </p>
  <input
    onChange={[Function]}
    placeholder="Search packages..."
    type="text"
  />
  <br />
  <input
    onChange={[Function]}
    placeholder="Highlight models..."
    type="text"
  />
  <hr />
  <div
    className="sc-bdnxRM geVaNS"
  >
    <div
      className="sc-gtsrHT iCuVym"
    >
      <div
        className="sc-dlnjwi jsZyJl"
        onClick={[Function]}
      >
        Natural processes
        <div
          className="sc-gKAaRy dxXGYN"
        >
          Description: 
          The models predict tree stock development according to natural processes including tree growth,  natural loss, self thinning and birth
          <br />
          Models: 
          4
          <br />
        </div>
      </div>
    </div>
    <div
      className="sc-gtsrHT iCuVym"
    >
      <div
        className="sc-dlnjwi jsZyJl"
        onClick={[Function]}
      >
        Tree models
        <div
          className="sc-gKAaRy dxXGYN"
        >
          Description: 
          The model package for calculating characteristics of a single tree
          <br />
          Models: 
          1
          <br />
        </div>
      </div>
    </div>
    <div
      className="sc-gtsrHT iCuVym"
    >
      <div
        className="sc-dlnjwi jsZyJl"
        onClick={[Function]}
      >
        Tree volume calculations
        <div
          className="sc-gKAaRy dxXGYN"
        >
          Description: 
          The model package contains models to calculate volume of a whole tree and its parts
          <br />
          Models: 
          3
          <br />
        </div>
      </div>
    </div>
    <div
      className="sc-gtsrHT iCuVym"
    >
      <div
        className="sc-dlnjwi jsZyJl"
        onClick={[Function]}
      >
        Initial data conversion
        <div
          className="sc-gKAaRy dxXGYN"
        >
          Description: 
          Initial data conversion covers models for predicting stand data parameters to formulate calculation data
          <br />
          Models: 
          1
          <br />
        </div>
      </div>
    </div>
    <div
      className="sc-gtsrHT iCuVym"
    >
      <div
        className="sc-dlnjwi jsZyJl"
        onClick={[Function]}
      >
        Berry production
        <div
          className="sc-gKAaRy dxXGYN"
        >
          Description: 
          Models to predict berry production
          <br />
          Models: 
          2
          <br />
        </div>
      </div>
    </div>
  </div>
</div>
`;
