// Jest Snapshot v1, https://goo.gl/fbAQLP

exports[`snapshot should match 1`] = `
<div>
  <h3>
    Natural processes
  </h3>
  <p>
    The models predict tree stock development according to natural processes including tree growth,  natural loss, self thinning and birth
  </p>
  <ul>
    <div
      className="sc-jSFjdj kRmIpc"
    >
      <h4>
        Height growth model
      </h4>
      <p>
        Predicts height growth of individual tree for the next 5 years period
      </p>
      Developed by:
      <ul>
        <li>
          NN
        </li>
      </ul>
      <div
        className="sc-hKFxyN gCPwdH"
      >
        <div
          className="sc-eCApnc hQIveO"
        >
          Model function inputs:
          <table
            className="sc-bdnxRM jHwdk"
          >
            <thead>
              <tr>
                <th
                  className="sc-gtsrHT jWWmOr"
                >
                  Name
                </th>
                <th
                  className="sc-gtsrHT jWWmOr"
                >
                  Unit
                </th>
              </tr>
            </thead>
            <tbody>
              <tr>
                <td
                  className="sc-dlnjwi bulBzZ"
                  width="75%"
                >
                  Tree species
                </td>
                <td
                  className="sc-dlnjwi bulAnU"
                  width="25%"
                >
                  ???
                </td>
              </tr>
              <tr>
                <td
                  className="sc-dlnjwi bulBzZ"
                  width="75%"
                >
                  Tree height
                </td>
                <td
                  className="sc-dlnjwi bulAnU"
                  width="25%"
                >
                  m
                </td>
              </tr>
              <tr>
                <td
                  className="sc-dlnjwi bulBzZ"
                  width="75%"
                >
                  Site Temperature sum
                </td>
                <td
                  className="sc-dlnjwi bulAnU"
                  width="25%"
                >
                  °C
                </td>
              </tr>
            </tbody>
          </table>
        </div>
        <div
          className="sc-eCApnc hQIveO"
        >
          Model function outputs:
          <table
            className="sc-bdnxRM jHwdk"
          >
            <thead>
              <tr>
                <th
                  className="sc-gtsrHT jWWmOr"
                >
                  Name
                </th>
                <th
                  className="sc-gtsrHT jWWmOr"
                >
                  Unit
                </th>
              </tr>
            </thead>
            <tbody>
              <tr>
                <td
                  className="sc-dlnjwi bulBzZ"
                  width="75%"
                >
                  Tree height
                </td>
                <td
                  className="sc-dlnjwi bulAnU"
                  width="25%"
                >
                  m
                </td>
              </tr>
              <tr>
                <td
                  className="sc-dlnjwi bulBzZ"
                  width="75%"
                >
                  growth 5 years
                </td>
                <td
                  className="sc-dlnjwi bulAnU"
                  width="25%"
                >
                  m
                </td>
              </tr>
            </tbody>
          </table>
        </div>
      </div>
      <p>
        Applicability: 
        Applicable to all tree species in Finland including uplands and peatlands
      </p>
      <p>
        Created: 
        21.5.2021
      </p>
      <p>
        Modified: 
        21.5.2021
      </p>
      <p>
        Remarks: 
        Calibrated with NFI8 data
      </p>
      <p>
        Reference: 
        <a
          href="http://www.metla.fi/julkaisut/workingpapers/2014/mwp302.pdf"
          rel="noreferrer"
          target="_blank"
        >
          http://www.metla.fi/julkaisut/workingpapers/2014/mwp302.pdf
        </a>
      </p>
    </div>
    <div
      className="sc-jSFjdj kRmIpc"
    >
      <h4>
        Diameter growth model
      </h4>
      <p>
        Predicts diameter growth of individual tree for the next 5 years period
      </p>
      Developed by:
      <ul>
        <li>
          NN
        </li>
      </ul>
      <div
        className="sc-hKFxyN gCPwdH"
      >
        <div
          className="sc-eCApnc hQIveO"
        >
          Model function inputs:
          <table
            className="sc-bdnxRM jHwdk"
          >
            <thead>
              <tr>
                <th
                  className="sc-gtsrHT jWWmOr"
                >
                  Name
                </th>
                <th
                  className="sc-gtsrHT jWWmOr"
                >
                  Unit
                </th>
              </tr>
            </thead>
            <tbody>
              <tr>
                <td
                  className="sc-dlnjwi bulBzZ"
                  width="75%"
                >
                  Tree species
                </td>
                <td
                  className="sc-dlnjwi bulAnU"
                  width="25%"
                />
              </tr>
              <tr>
                <td
                  className="sc-dlnjwi bulBzZ"
                  width="75%"
                >
                  diameter at breast height
                </td>
                <td
                  className="sc-dlnjwi bulAnU"
                  width="25%"
                >
                  cm
                </td>
              </tr>
              <tr>
                <td
                  className="sc-dlnjwi bulBzZ"
                  width="75%"
                >
                  maximum diameter of the stand
                </td>
                <td
                  className="sc-dlnjwi bulAnU"
                  width="25%"
                >
                  cm
                </td>
              </tr>
              <tr>
                <td
                  className="sc-dlnjwi bulBzZ"
                  width="75%"
                >
                  growth rate parameter
                </td>
                <td
                  className="sc-dlnjwi bulAnU"
                  width="25%"
                >
                  Modelled ID_GRP_1
                </td>
              </tr>
            </tbody>
          </table>
        </div>
        <div
          className="sc-eCApnc hQIveO"
        >
          Model function outputs:
          <table
            className="sc-bdnxRM jHwdk"
          >
            <thead>
              <tr>
                <th
                  className="sc-gtsrHT jWWmOr"
                >
                  Name
                </th>
                <th
                  className="sc-gtsrHT jWWmOr"
                >
                  Unit
                </th>
              </tr>
            </thead>
            <tbody>
              <tr>
                <td
                  className="sc-dlnjwi bulBzZ"
                  width="75%"
                >
                  Tree diameter growth 5 years
                </td>
                <td
                  className="sc-dlnjwi bulAnU"
                  width="25%"
                >
                  cm/5a
                </td>
              </tr>
            </tbody>
          </table>
        </div>
      </div>
      <p>
        Applicability: 
        Applicable to all tree species in Finland including uplands and peatlands
      </p>
      <p>
        Created: 
        6.6.2021
      </p>
      <p>
        Modified: 
        6.6.2021
      </p>
      <p>
        Remarks: 
        Calibrated with NFI8 data
      </p>
      <p>
        Reference: 
        <a
          href="http://www.metla.fi/julkaisut/workingpapers/2014/mwp302.pdf"
          rel="noreferrer"
          target="_blank"
        >
          http://www.metla.fi/julkaisut/workingpapers/2014/mwp302.pdf
        </a>
      </p>
    </div>
    <div
      className="sc-jSFjdj kRmIpc"
    >
      <h4>
        Growth rate parameter
      </h4>
      <p>
        Growth rate parameter for diameter growth model ID_DGM_1
      </p>
      Developed by:
      <ul>
        <li>
          NN
        </li>
      </ul>
      <div
        className="sc-hKFxyN gCPwdH"
      >
        <div
          className="sc-eCApnc hQIveO"
        >
          Model function inputs:
          <table
            className="sc-bdnxRM jHwdk"
          >
            <thead>
              <tr>
                <th
                  className="sc-gtsrHT jWWmOr"
                >
                  Name
                </th>
                <th
                  className="sc-gtsrHT jWWmOr"
                >
                  Unit
                </th>
              </tr>
            </thead>
            <tbody>
              <tr>
                <td
                  className="sc-dlnjwi bulBzZ"
                  width="75%"
                >
                  Actual temperature sum
                </td>
                <td
                  className="sc-dlnjwi bulAnU"
                  width="25%"
                >
                  dd
                </td>
              </tr>
              <tr>
                <td
                  className="sc-dlnjwi bulBzZ"
                  width="75%"
                >
                  Site type category
                </td>
                <td
                  className="sc-dlnjwi bulAnU"
                  width="25%"
                />
              </tr>
              <tr>
                <td
                  className="sc-dlnjwi bulBzZ"
                  width="75%"
                >
                  relative density factors
                </td>
                <td
                  className="sc-dlnjwi bulAnU"
                  width="25%"
                />
              </tr>
              <tr>
                <td
                  className="sc-dlnjwi bulBzZ"
                  width="75%"
                >
                  relative density factors of the larger trees than the subject tree
                </td>
                <td
                  className="sc-dlnjwi bulAnU"
                  width="25%"
                />
              </tr>
            </tbody>
          </table>
        </div>
        <div
          className="sc-eCApnc hQIveO"
        >
          Model function outputs:
          <table
            className="sc-bdnxRM jHwdk"
          >
            <thead>
              <tr>
                <th
                  className="sc-gtsrHT jWWmOr"
                >
                  Name
                </th>
                <th
                  className="sc-gtsrHT jWWmOr"
                >
                  Unit
                </th>
              </tr>
            </thead>
            <tbody>
              <tr>
                <td
                  className="sc-dlnjwi bulBzZ"
                  width="75%"
                >
                  Growth rate parameter
                </td>
                <td
                  className="sc-dlnjwi bulAnU"
                  width="25%"
                />
              </tr>
            </tbody>
          </table>
        </div>
      </div>
      <p>
        Applicability: 
        Applicable to all tree species in Finland including uplands and peatlands
      </p>
      <p>
        Created: 
        6.6.2021
      </p>
      <p>
        Modified: 
        6.6.2021
      </p>
      <p>
        Remarks: 
        
      </p>
      <p>
        Reference: 
        <a
          href="http://www.metla.fi/julkaisut/workingpapers/2014/mwp302.pdf"
          rel="noreferrer"
          target="_blank"
        >
          http://www.metla.fi/julkaisut/workingpapers/2014/mwp302.pdf
        </a>
      </p>
    </div>
    <div
      className="sc-jSFjdj kRmIpc"
    >
      <h4>
        Stump diameter model
      </h4>
      <p>
        Predicts stump diameter
      </p>
      Developed by:
      <ul>
        <li>
          NN
        </li>
      </ul>
      <div
        className="sc-hKFxyN gCPwdH"
      >
        <div
          className="sc-eCApnc hQIveO"
        >
          Model function inputs:
          <table
            className="sc-bdnxRM jHwdk"
          >
            <thead>
              <tr>
                <th
                  className="sc-gtsrHT jWWmOr"
                >
                  Name
                </th>
                <th
                  className="sc-gtsrHT jWWmOr"
                >
                  Unit
                </th>
              </tr>
            </thead>
            <tbody>
              <tr>
                <td
                  className="sc-dlnjwi bulBzZ"
                  width="75%"
                >
                  Diameter at breast height
                </td>
                <td
                  className="sc-dlnjwi bulAnU"
                  width="25%"
                >
                  cm
                </td>
              </tr>
            </tbody>
          </table>
        </div>
        <div
          className="sc-eCApnc hQIveO"
        >
          Model function outputs:
          <table
            className="sc-bdnxRM jHwdk"
          >
            <thead>
              <tr>
                <th
                  className="sc-gtsrHT jWWmOr"
                >
                  Name
                </th>
                <th
                  className="sc-gtsrHT jWWmOr"
                >
                  Unit
                </th>
              </tr>
            </thead>
            <tbody>
              <tr>
                <td
                  className="sc-dlnjwi bulBzZ"
                  width="75%"
                >
                  Stump diameter
                </td>
                <td
                  className="sc-dlnjwi bulAnU"
                  width="25%"
                >
                  cm
                </td>
              </tr>
            </tbody>
          </table>
        </div>
      </div>
      <p>
        Applicability: 
        Applicable to all tree species in Finland including uplands and peatlands
      </p>
      <p>
        Created: 
        6.6.2021
      </p>
      <p>
        Modified: 
        6.6.2021
      </p>
      <p>
        Remarks: 
        
      </p>
      <p>
        Reference: 
        <a
          href="http://urn.fi/URN:ISBN:951-40-0164-8"
          rel="noreferrer"
          target="_blank"
        >
          http://urn.fi/URN:ISBN:951-40-0164-8
        </a>
      </p>
    </div>
  </ul>
</div>
`;
